// Jest Snapshot v1, https://goo.gl/fbAQLP

exports[`testing input type form control match snapshot 1`] = `
<FormItem
  help={null}
  label="Label"
>
  <Switch
    checked=""
    onChange={[Function]}
  />
</FormItem>
`;
